// Jest Snapshot v1, https://goo.gl/fbAQLP

exports[`FormField renders the component 1`] = `
<div
  class="FormField"
>
  <label
    class="Label"
    for="input"
  >
    Default label
  </label>
  <div
    class="FormField"
  >
    <input
      class="FormField-input"
      id="input"
      type="text"
    />
  </div>
</div>
`;
